******* Machine details *******
$ hostname
cn01
$ lscpu
Architecture:        x86_64
CPU op-mode(s):      32-bit, 64-bit
Byte Order:          Little Endian
CPU(s):              8
On-line CPU(s) list: 0-7
Thread(s) per core:  1
Core(s) per socket:  4
Socket(s):           2
NUMA node(s):        1
Vendor ID:           GenuineIntel
CPU family:          6
Model:               23
Model name:          Intel(R) Xeon(R) CPU           E5430  @ 2.66GHz
Stepping:            10
CPU MHz:             2666.748
BogoMIPS:            5333.50
Virtualization:      VT-x
L1d cache:           32K
L1i cache:           32K
L2 cache:            6144K
NUMA node0 CPU(s):   0-7
Flags:               fpu vme de pse tsc msr pae mce cx8 apic sep mtrr pge mca cmov pat pse36 clflush dts acpi mmx fxsr sse sse2 ss ht tm pbe syscall nx lm constant_tsc arch_perfmon pebs bts rep_good nopl cpuid aperfmperf pni dtes64 monitor ds_cpl vmx est tm2 ssse3 cx16 xtpr pdcm dca sse4_1 xsave lahf_lm pti tpr_shadow vnmi flexpriority dtherm
$ cat /proc/meminfo
MemTotal:       32938908 kB
MemFree:        29788316 kB
MemAvailable:   32148324 kB
Buffers:            2808 kB
Cached:          2731420 kB
SwapCached:            0 kB
Active:          1528964 kB
Inactive:        1186040 kB
Active(anon):      37640 kB
Inactive(anon):      584 kB
Active(file):    1491324 kB
Inactive(file):  1185456 kB
Unevictable:      161552 kB
Mlocked:          161596 kB
SwapTotal:       3997692 kB
SwapFree:        3997692 kB
Dirty:               236 kB
Writeback:             0 kB
AnonPages:        142272 kB
Mapped:           121352 kB
Shmem:               792 kB
Slab:             178636 kB
SReclaimable:      95900 kB
SUnreclaim:        82736 kB
KernelStack:        3276 kB
PageTables:         4812 kB
NFS_Unstable:          0 kB
Bounce:                0 kB
WritebackTmp:          0 kB
CommitLimit:    20467144 kB
Committed_AS:     295500 kB
VmallocTotal:   34359738367 kB
VmallocUsed:           0 kB
VmallocChunk:          0 kB
HardwareCorrupted:     0 kB
AnonHugePages:         0 kB
ShmemHugePages:        0 kB
ShmemPmdMapped:        0 kB
CmaTotal:              0 kB
CmaFree:               0 kB
HugePages_Total:       0
HugePages_Free:        0
HugePages_Rsvd:        0
HugePages_Surp:        0
Hugepagesize:       2048 kB
DirectMap4k:      472000 kB
DirectMap2M:    33081344 kB
$ cat /proc/version
Linux version 4.15.0-96-generic (buildd@lgw01-amd64-004) (gcc version 7.5.0 (Ubuntu 7.5.0-3ubuntu1~18.04)) #97-Ubuntu SMP Wed Apr 1 03:25:46 UTC 2020
$ lsblk
NAME           MAJ:MIN RM   SIZE RO TYPE MOUNTPOINT
sda              8:0    0 232.9G  0 disk 
├─sda1           8:1    0   976M  0 part /boot
├─sda2           8:2    0     1K  0 part 
└─sda5           8:5    0   232G  0 part 
  ├─node-swap1 253:0    0   3.8G  0 lvm  [SWAP]
  └─node-root1 253:1    0 228.1G  0 lvm  /home
sr0             11:0    1  1024M  0 rom  
sr1             11:1    1  1024M  0 rom  
