******* Machine details *******
$ hostname
cn19
$ lscpu
Architecture:          x86_64
CPU op-mode(s):        32-bit, 64-bit
Byte Order:            Little Endian
CPU(s):                8
On-line CPU(s) list:   0-7
Thread(s) per core:    1
Core(s) per socket:    4
Socket(s):             2
NUMA node(s):          1
Vendor ID:             GenuineIntel
CPU family:            6
Model:                 23
Model name:            Intel(R) Xeon(R) CPU           E5430  @ 2.66GHz
Stepping:              10
CPU MHz:               2666.765
BogoMIPS:              5333.60
Virtualization:        VT-x
L1d cache:             32K
L1i cache:             32K
L2 cache:              6144K
NUMA node0 CPU(s):     0-7
Flags:                 fpu vme de pse tsc msr pae mce cx8 apic sep mtrr pge mca cmov pat pse36 clflush dts acpi mmx fxsr sse sse2 ss ht tm pbe syscall nx lm constant_tsc arch_perfmon pebs bts rep_good nopl aperfmperf pni dtes64 monitor ds_cpl vmx est tm2 ssse3 cx16 xtpr pdcm dca sse4_1 xsave lahf_lm kaiser tpr_shadow vnmi flexpriority dtherm
$ cat /proc/meminfo
MemTotal:       32945784 kB
MemFree:        28088568 kB
MemAvailable:   32273204 kB
Buffers:          183992 kB
Cached:          4305616 kB
SwapCached:         8028 kB
Active:          1100764 kB
Inactive:        3534920 kB
Active(anon):     154148 kB
Inactive(anon):    14896 kB
Active(file):     946616 kB
Inactive(file):  3520024 kB
Unevictable:       28184 kB
Mlocked:           28184 kB
SwapTotal:      33554428 kB
SwapFree:       33446612 kB
Dirty:               100 kB
Writeback:             0 kB
AnonPages:        167520 kB
Mapped:            50708 kB
Shmem:              1680 kB
Slab:              94452 kB
SReclaimable:      70756 kB
SUnreclaim:        23696 kB
KernelStack:        2496 kB
PageTables:         4108 kB
NFS_Unstable:          0 kB
Bounce:                0 kB
WritebackTmp:          0 kB
CommitLimit:    50027320 kB
Committed_AS:     637520 kB
VmallocTotal:   34359738367 kB
VmallocUsed:           0 kB
VmallocChunk:          0 kB
HardwareCorrupted:     0 kB
AnonHugePages:         0 kB
CmaTotal:              0 kB
CmaFree:               0 kB
HugePages_Total:       0
HugePages_Free:        0
HugePages_Rsvd:        0
HugePages_Surp:        0
Hugepagesize:       2048 kB
DirectMap4k:       93120 kB
DirectMap2M:    33460224 kB
$ cat /proc/version
Linux version 4.4.0-139-generic (buildd@lcy01-amd64-006) (gcc version 5.4.0 20160609 (Ubuntu 5.4.0-6ubuntu1~16.04.10) ) #165-Ubuntu SMP Wed Oct 24 10:58:50 UTC 2018
$ lsblk
NAME                MAJ:MIN RM   SIZE RO TYPE MOUNTPOINT
sda                   8:0    0 153.4G  0 disk 
|-sda1                8:1    0   487M  0 part /boot
|-sda2                8:2    0     1K  0 part 
`-sda5                8:5    0 152.9G  0 part 
  |-cn19--vg-root   252:0    0 120.9G  0 lvm  /
  `-cn19--vg-swap_1 252:1    0    32G  0 lvm  [SWAP]
