******* Machine details *******
$ hostname
cn01
$ lscpu
Architecture:          x86_64
CPU op-mode(s):        32-bit, 64-bit
Byte Order:            Little Endian
CPU(s):                8
On-line CPU(s) list:   0-7
Thread(s) per core:    1
Core(s) per socket:    4
Socket(s):             2
NUMA node(s):          1
Vendor ID:             GenuineIntel
CPU family:            6
Model:                 23
Model name:            Intel(R) Xeon(R) CPU           E5430  @ 2.66GHz
Stepping:              10
CPU MHz:               2666.842
BogoMIPS:              5333.54
Virtualization:        VT-x
L1d cache:             32K
L1i cache:             32K
L2 cache:              6144K
NUMA node0 CPU(s):     0-7
Flags:                 fpu vme de pse tsc msr pae mce cx8 apic sep mtrr pge mca cmov pat pse36 clflush dts acpi mmx fxsr sse sse2 ss ht tm pbe syscall nx lm constant_tsc arch_perfmon pebs bts rep_good nopl aperfmperf pni dtes64 monitor ds_cpl vmx est tm2 ssse3 cx16 xtpr pdcm dca sse4_1 xsave lahf_lm kaiser tpr_shadow vnmi flexpriority dtherm
$ cat /proc/meminfo
MemTotal:       32945784 kB
MemFree:        21804808 kB
MemAvailable:   21674168 kB
Buffers:            5252 kB
Cached:           219292 kB
SwapCached:         8428 kB
Active:         10614664 kB
Inactive:         146580 kB
Active(anon):   10578160 kB
Inactive(anon):    14732 kB
Active(file):      36504 kB
Inactive(file):   131848 kB
Unevictable:      183792 kB
Mlocked:          183788 kB
SwapTotal:      33554428 kB
SwapFree:       33395776 kB
Dirty:               104 kB
Writeback:             0 kB
AnonPages:      10712916 kB
Mapped:            71548 kB
Shmem:              1436 kB
Slab:              65592 kB
SReclaimable:      36196 kB
SUnreclaim:        29396 kB
KernelStack:        3024 kB
PageTables:        24772 kB
NFS_Unstable:          0 kB
Bounce:                0 kB
WritebackTmp:          0 kB
CommitLimit:    50027320 kB
Committed_AS:   10953040 kB
VmallocTotal:   34359738367 kB
VmallocUsed:           0 kB
VmallocChunk:          0 kB
HardwareCorrupted:     0 kB
AnonHugePages:         0 kB
CmaTotal:              0 kB
CmaFree:               0 kB
HugePages_Total:       0
HugePages_Free:        0
HugePages_Rsvd:        0
HugePages_Surp:        0
Hugepagesize:       2048 kB
DirectMap4k:      144320 kB
DirectMap2M:    33409024 kB
$ cat /proc/version
Linux version 4.4.0-139-generic (buildd@lcy01-amd64-006) (gcc version 5.4.0 20160609 (Ubuntu 5.4.0-6ubuntu1~16.04.10) ) #165-Ubuntu SMP Wed Oct 24 10:58:50 UTC 2018
$ lsblk
NAME                MAJ:MIN RM   SIZE RO TYPE MOUNTPOINT
sda                   8:0    0 153.4G  0 disk 
├─sda1                8:1    0   487M  0 part /boot
├─sda2                8:2    0     1K  0 part 
└─sda5                8:5    0 152.9G  0 part 
  ├─cn01--vg-root   252:0    0 120.9G  0 lvm  /
  └─cn01--vg-swap_1 252:1    0    32G  0 lvm  [SWAP]
